// Jest Snapshot v1, https://goo.gl/fbAQLP

exports[`Asset should generate XML Object with required data 1`] = `
Object {
  "$": Object {
    "uuid": "abc",
  },
  "_": "data:application/octet-stream;base64,dGVzdA==",
}
`;

exports[`Asset toString should generate base64 from the asset 1`] = `"data:application/octet-stream;base64,dGVzdA=="`;
